// Jest Snapshot v1, https://goo.gl/fbAQLP

exports[`<Loader /> expects render Loader correctly 1`] = `ShallowWrapper {}`;
